---
source: crates/forge_domain/src/tools/catalog.rs
expression: tools
---
{
  "title": "FSRead",
  "type": "object",
  "properties": {
    "file_path": {
      "description": "Absolute path to the file to read.",
      "type": "string"
    },
    "range": {
      "description": "Optional line range for partial reads.",
      "type": "object",
      "properties": {
        "end_line": {
          "description": "Inclusive 1-based last line.",
          "type": "integer",
          "format": "int32",
          "nullable": true
        },
        "start_line": {
          "description": "1-based first line.",
          "type": "integer",
          "format": "int32",
          "nullable": true
        }
      },
      "additionalProperties": false,
      "nullable": true
    },
    "show_line_numbers": {
      "description": "If true, prefixes each line with its line index (starting at 1).\nDefaults to true.",
      "type": "boolean",
      "default": true
    }
  },
  "additionalProperties": false,
  "required": [
    "file_path"
  ]
}
{
  "title": "FSWrite",
  "type": "object",
  "properties": {
    "content": {
      "description": "The content to write to the file",
      "type": "string"
    },
    "file_path": {
      "description": "The absolute path to the file to write (must be absolute, not relative)",
      "type": "string"
    },
    "overwrite": {
      "description": "If set to true, existing files will be overwritten. If not set and the\nfile exists, an error will be returned with the content of the\nexisting file.",
      "type": "boolean"
    }
  },
  "required": [
    "file_path",
    "content"
  ]
}
{
  "title": "FSSearch",
  "type": "object",
  "properties": {
    "-A": {
      "description": "Number of lines to show after each match (rg -A). Requires output_mode:\n\"content\", ignored otherwise.",
      "type": "integer",
      "format": "uint32",
      "minimum": 0,
      "nullable": true
    },
    "-B": {
      "description": "Number of lines to show before each match (rg -B). Requires output_mode:\n\"content\", ignored otherwise.",
      "type": "integer",
      "format": "uint32",
      "minimum": 0,
      "nullable": true
    },
    "-C": {
      "description": "Number of lines to show before and after each match (rg -C). Requires\noutput_mode: \"content\", ignored otherwise.",
      "type": "integer",
      "format": "uint32",
      "minimum": 0,
      "nullable": true
    },
    "-i": {
      "description": "Case insensitive search (rg -i)",
      "type": "boolean",
      "nullable": true
    },
    "-n": {
      "description": "Show line numbers in output (rg -n). Requires output_mode: \"content\",\nignored otherwise.",
      "type": "boolean",
      "nullable": true
    },
    "glob": {
      "description": "Glob pattern to filter files (e.g. \"*.js\", \"*.{ts,tsx}\") - maps to rg\n--glob",
      "type": "string",
      "nullable": true
    },
    "head_limit": {
      "description": "Limit output to first N lines/entries, equivalent to \"| head -N\". Works\nacross all output modes: content (limits output lines),\nfiles_with_matches (limits file paths), count (limits count entries).\nWhen unspecified, shows all results from ripgrep.",
      "type": "integer",
      "format": "uint32",
      "minimum": 0,
      "nullable": true
    },
    "multiline": {
      "description": "Enable multiline mode where . matches newlines and patterns can span\nlines (rg -U --multiline-dotall). Default: false.",
      "type": "boolean",
      "nullable": true
    },
    "offset": {
      "description": "Skip first N lines/entries before applying head_limit",
      "type": "integer",
      "format": "uint32",
      "minimum": 0,
      "nullable": true
    },
    "output_mode": {
      "description": "Output mode: \"content\" shows matching lines (supports -A/-B/-C context,\n-n line numbers, head_limit), \"files_with_matches\" shows file paths\n(supports head_limit), \"count\" shows match counts (supports head_limit).\nDefaults to \"files_with_matches\".",
      "type": "string",
      "enum": [
        "content",
        "files_with_matches",
        "count",
        null
      ],
      "nullable": true
    },
    "path": {
      "description": "File or directory to search in (rg PATH). Defaults to current working\ndirectory.",
      "type": "string",
      "nullable": true
    },
    "pattern": {
      "description": "The regular expression pattern to search for in file contents.",
      "type": "string"
    },
    "type": {
      "description": "File type to search (rg --type). Common types: js, py, rust, go, java,\netc. More efficient than include for standard file types.",
      "type": "string",
      "nullable": true
    }
  },
  "required": [
    "pattern"
  ]
}
{
  "title": "SemanticSearch",
  "type": "object",
  "properties": {
    "queries": {
      "description": "2-3 varied queries recommended for best results.",
      "type": "array",
      "items": {
        "description": "A paired query and use_case for semantic search.",
        "type": "object",
        "properties": {
          "query": {
            "description": "Semantic embedding query describing WHAT the code does. Use specific\ntechnical terms (e.g., \"OAuth2 token refresh with retry\").",
            "type": "string"
          },
          "use_case": {
            "description": "Reranking query describing your INTENT and WHY you need this code.\nMUST include codebase construct keywords (struct, trait, impl, fn,\nfunction, class) when searching for code — without these you get\ndocumentation instead of code.",
            "type": "string"
          }
        },
        "required": [
          "query",
          "use_case"
        ]
      }
    }
  },
  "required": [
    "queries"
  ]
}
{
  "title": "FSRemove",
  "type": "object",
  "properties": {
    "path": {
      "description": "The path of the file to remove (absolute path required)",
      "type": "string"
    }
  },
  "required": [
    "path"
  ]
}
{
  "title": "FSPatch",
  "type": "object",
  "properties": {
    "file_path": {
      "description": "The absolute path to the file to modify",
      "type": "string"
    },
    "new_string": {
      "description": "The text to replace it with (must be different from old_string)",
      "type": "string"
    },
    "old_string": {
      "description": "The text to replace",
      "type": "string"
    },
    "replace_all": {
      "description": "Replace all occurrences of old_string (default false)",
      "type": "boolean",
      "default": false
    }
  },
  "required": [
    "file_path",
    "old_string",
    "new_string"
  ]
}
{
  "title": "FSMultiPatch",
  "type": "object",
  "properties": {
    "edits": {
      "description": "Array of edit operations to perform sequentially on the file",
      "type": "array",
      "items": {
        "description": "A single edit operation in a multi-patch",
        "type": "object",
        "properties": {
          "new_string": {
            "description": "The text to replace it with (must be different from old_string)",
            "type": "string"
          },
          "old_string": {
            "description": "The text to replace",
            "type": "string"
          },
          "replace_all": {
            "description": "Replace all occurrences of old_string (default false)",
            "type": "boolean",
            "default": false
          }
        },
        "required": [
          "old_string",
          "new_string"
        ]
      }
    },
    "file_path": {
      "description": "The absolute path to the file to modify",
      "type": "string"
    }
  },
  "required": [
    "file_path",
    "edits"
  ]
}
{
  "title": "FSUndo",
  "type": "object",
  "properties": {
    "path": {
      "description": "The absolute path of the file to revert to its previous state.",
      "type": "string"
    }
  },
  "required": [
    "path"
  ]
}
{
  "title": "Shell",
  "type": "object",
  "properties": {
    "command": {
      "description": "The shell command to execute.",
      "type": "string"
    },
    "cwd": {
      "description": "The working directory where the command should be executed.\nIf not specified, defaults to the current working directory from the\nenvironment.",
      "type": "string",
      "nullable": true
    },
    "description": {
      "description": "Clear, concise description of what this command does. Recommended to be\n5-10 words for simple commands. For complex commands with pipes or\nmultiple operations, provide more context. Examples: \"Lists files in\ncurrent directory\", \"Installs package dependencies\", \"Compiles Rust\nproject with release optimizations\".",
      "type": "string",
      "nullable": true
    },
    "env": {
      "description": "Environment variable names to pass to command execution (e.g., [\"PATH\",\n\"HOME\", \"USER\"]). The system automatically reads the specified\nvalues and applies them during command execution.",
      "type": "array",
      "items": {
        "type": "string"
      },
      "nullable": true
    },
    "keep_ansi": {
      "description": "Whether to preserve ANSI escape codes in the output.\nIf true, ANSI escape codes will be preserved in the output.\nIf false (default), ANSI escape codes will be stripped from the output.",
      "type": "boolean"
    }
  },
  "required": [
    "command"
  ]
}
{
  "title": "NetFetch",
  "description": "Input type for the net fetch tool",
  "type": "object",
  "properties": {
    "raw": {
      "description": "Get raw content without any markdown conversion (default: false)",
      "type": "boolean",
      "nullable": true
    },
    "url": {
      "description": "URL to fetch",
      "type": "string"
    }
  },
  "required": [
    "url"
  ]
}
{
  "title": "Followup",
  "type": "object",
  "properties": {
    "multiple": {
      "description": "If true, allows selecting multiple options; if false (default), only one\noption can be selected",
      "type": "boolean",
      "nullable": true
    },
    "option1": {
      "description": "First option to choose from",
      "type": "string",
      "nullable": true
    },
    "option2": {
      "description": "Second option to choose from",
      "type": "string",
      "nullable": true
    },
    "option3": {
      "description": "Third option to choose from",
      "type": "string",
      "nullable": true
    },
    "option4": {
      "description": "Fourth option to choose from",
      "type": "string",
      "nullable": true
    },
    "option5": {
      "description": "Fifth option to choose from",
      "type": "string",
      "nullable": true
    },
    "question": {
      "description": "Question to ask the user",
      "type": "string"
    }
  },
  "required": [
    "question"
  ]
}
{
  "title": "PlanCreate",
  "type": "object",
  "properties": {
    "content": {
      "description": "The content to write to the plan file. This should be the complete\nplan content in markdown format.",
      "type": "string"
    },
    "plan_name": {
      "description": "The name of the plan (will be used in the filename)",
      "type": "string"
    },
    "version": {
      "description": "The version of the plan (e.g., \"v1\", \"v2\", \"1.0\")",
      "type": "string"
    }
  },
  "required": [
    "plan_name",
    "version",
    "content"
  ]
}
{
  "title": "SkillFetch",
  "type": "object",
  "properties": {
    "name": {
      "description": "The name of the skill to fetch (e.g., \"pdf\", \"code_review\")",
      "type": "string"
    }
  },
  "required": [
    "name"
  ]
}
{
  "title": "TodoWrite",
  "type": "object",
  "properties": {
    "todos": {
      "description": "Todo items to add/update. `content` is unique key. `cancelled` removes item.",
      "type": "array",
      "items": {
        "description": "A single todo item. `content` is the unique key for matching.",
        "type": "object",
        "properties": {
          "content": {
            "description": "Task description. Used as unique key to match existing todos.",
            "type": "string"
          },
          "status": {
            "description": "`pending`|`in_progress`|`completed`|`cancelled`",
            "type": "string",
            "enum": [
              "pending",
              "in_progress",
              "completed",
              "cancelled"
            ]
          }
        },
        "required": [
          "content",
          "status"
        ]
      }
    }
  },
  "required": [
    "todos"
  ]
}
{
  "title": "TodoRead",
  "type": "object"
}
{
  "title": "TaskInput",
  "description": "Input structure for the Task tool - delegates work to specialized agents",
  "type": "object",
  "properties": {
    "agent_id": {
      "description": "The ID of the specialized agent to delegate to (e.g., \"forge\", \"muse\",\n\"sage\")",
      "type": "string"
    },
    "session_id": {
      "description": "Optional session ID to continue an existing agent session. If not\nprovided, a new stateless session will be created. Use this to\nmaintain context across multiple task invocations with the same\nagent.",
      "type": "string",
      "nullable": true
    },
    "tasks": {
      "description": "A list of clear and detailed descriptions of the tasks to be performed\nby the agent in parallel. Provide sufficient context and specific\nrequirements to enable the agent to understand and execute the work\naccurately.",
      "type": "array",
      "items": {
        "type": "string"
      }
    }
  },
  "required": [
    "tasks",
    "agent_id"
  ]
}
