---
source: crates/forge_domain/src/tools/catalog.rs
expression: tools
---
{
  "title": "FSRead",
  "type": "object",
  "properties": {
    "file_path": {
      "description": "Absolute path to file to read.",
      "type": "string"
    },
    "range": {
      "description": "Optional line range for partial reads.",
      "type": "object",
      "properties": {
        "end_line": {
          "description": "1-based last line (inclusive).",
          "type": "integer",
          "format": "int32",
          "nullable": true
        },
        "start_line": {
          "description": "1-based first line (inclusive).",
          "type": "integer",
          "format": "int32",
          "nullable": true
        }
      },
      "additionalProperties": false,
      "nullable": true
    },
    "show_line_numbers": {
      "description": "Show line numbers. Defaults to true.",
      "type": "boolean",
      "default": true
    }
  },
  "additionalProperties": false,
  "required": [
    "file_path"
  ]
}
{
  "title": "FSWrite",
  "type": "object",
  "properties": {
    "content": {
      "description": "Content to write.",
      "type": "string"
    },
    "file_path": {
      "description": "Absolute path to file.",
      "type": "string"
    },
    "overwrite": {
      "description": "Overwrite existing files. Error if false and file exists.",
      "type": "boolean"
    }
  },
  "required": [
    "file_path",
    "content"
  ]
}
{
  "title": "FSSearch",
  "type": "object",
  "properties": {
    "-A": {
      "description": "Lines after match (rg -A). Requires output_mode: \"content\".",
      "type": "integer",
      "format": "uint32",
      "minimum": 0,
      "nullable": true
    },
    "-B": {
      "description": "Lines before match (rg -B). Requires output_mode: \"content\".",
      "type": "integer",
      "format": "uint32",
      "minimum": 0,
      "nullable": true
    },
    "-C": {
      "description": "Lines before and after match (rg -C). Requires output_mode: \"content\".",
      "type": "integer",
      "format": "uint32",
      "minimum": 0,
      "nullable": true
    },
    "-i": {
      "description": "Case insensitive search (rg -i).",
      "type": "boolean",
      "nullable": true
    },
    "-n": {
      "description": "Show line numbers (rg -n). Requires output_mode: \"content\".",
      "type": "boolean",
      "nullable": true
    },
    "glob": {
      "description": "Glob filter (e.g. \"*.js\", \"*.{ts,tsx}\").",
      "type": "string",
      "nullable": true
    },
    "head_limit": {
      "description": "Limit output to first N entries. Works across all output modes.",
      "type": "integer",
      "format": "uint32",
      "minimum": 0,
      "nullable": true
    },
    "multiline": {
      "description": "Multiline mode: . matches newlines (rg -U --multiline-dotall).",
      "type": "boolean",
      "nullable": true
    },
    "offset": {
      "description": "Skip first N entries before applying head_limit.",
      "type": "integer",
      "format": "uint32",
      "minimum": 0,
      "nullable": true
    },
    "output_mode": {
      "description": "Output mode: \"content\" (lines), \"files_with_matches\" (paths), \"count\".",
      "type": "string",
      "enum": [
        "content",
        "files_with_matches",
        "count",
        null
      ],
      "nullable": true
    },
    "path": {
      "description": "File or directory to search in. Defaults to cwd.",
      "type": "string",
      "nullable": true
    },
    "pattern": {
      "description": "Regex pattern to search for.",
      "type": "string"
    },
    "type": {
      "description": "File type (rg --type). E.g. js, py, rust, go, java.",
      "type": "string",
      "nullable": true
    }
  },
  "required": [
    "pattern"
  ]
}
{
  "title": "SemanticSearch",
  "type": "object",
  "properties": {
    "queries": {
      "description": "2-3 varied queries recommended for best results.",
      "type": "array",
      "items": {
        "description": "A paired query and use_case for semantic search.",
        "type": "object",
        "properties": {
          "query": {
            "description": "Embedding query: WHAT the code does. Use specific technical terms.",
            "type": "string"
          },
          "use_case": {
            "description": "Reranking query: WHY you need this code. Include keywords (struct/trait/impl/fn).",
            "type": "string"
          }
        },
        "required": [
          "query",
          "use_case"
        ]
      }
    }
  },
  "required": [
    "queries"
  ]
}
{
  "title": "FSRemove",
  "type": "object",
  "properties": {
    "path": {
      "description": "Path of file to remove (absolute).",
      "type": "string"
    }
  },
  "required": [
    "path"
  ]
}
{
  "title": "FSPatch",
  "type": "object",
  "properties": {
    "file_path": {
      "description": "Absolute path to file to modify.",
      "type": "string"
    },
    "new_string": {
      "description": "Replace old_string with new_string. Must differ.",
      "type": "string"
    },
    "old_string": {
      "description": "Text to replace.",
      "type": "string"
    },
    "replace_all": {
      "description": "Replace all occurrences of old_string (default false)\nReplace all occurrences (default false).",
      "type": "boolean",
      "default": false
    }
  },
  "required": [
    "file_path",
    "old_string",
    "new_string"
  ]
}
{
  "title": "FSMultiPatch",
  "type": "object",
  "properties": {
    "edits": {
      "description": "Edit operations applied sequentially.",
      "type": "array",
      "items": {
        "description": "A single edit operation in a multi-patch.",
        "type": "object",
        "properties": {
          "new_string": {
            "description": "Replace old_string with new_string. Must differ.",
            "type": "string"
          },
          "old_string": {
            "description": "Text to replace.",
            "type": "string"
          },
          "replace_all": {
            "description": "Replace all occurrences (default false).",
            "type": "boolean",
            "default": false
          }
        },
        "required": [
          "old_string",
          "new_string"
        ]
      }
    },
    "file_path": {
      "description": "Absolute path to file to modify.",
      "type": "string"
    }
  },
  "required": [
    "file_path",
    "edits"
  ]
}
{
  "title": "FSUndo",
  "type": "object",
  "properties": {
    "path": {
      "description": "Absolute path of file to revert to prior state.",
      "type": "string"
    }
  },
  "required": [
    "path"
  ]
}
{
  "title": "Shell",
  "type": "object",
  "properties": {
    "command": {
      "description": "Command to execute.",
      "type": "string"
    },
    "cwd": {
      "description": "Working directory. Defaults to cwd.",
      "type": "string",
      "nullable": true
    },
    "description": {
      "description": "Short description (5-10 words).",
      "type": "string",
      "nullable": true
    },
    "env": {
      "description": "Env var names to pass (e.g. [\"PATH\", \"HOME\"]).",
      "type": "array",
      "items": {
        "type": "string"
      },
      "nullable": true
    },
    "keep_ansi": {
      "description": "Preserve ANSI codes in output.",
      "type": "boolean"
    }
  },
  "required": [
    "command"
  ]
}
{
  "title": "NetFetch",
  "description": "Fetch URL content as markdown or raw text.",
  "type": "object",
  "properties": {
    "raw": {
      "description": "Get raw content without markdown conversion (default: false).",
      "type": "boolean",
      "nullable": true
    },
    "url": {
      "description": "URL to fetch.",
      "type": "string"
    }
  },
  "required": [
    "url"
  ]
}
{
  "title": "Followup",
  "type": "object",
  "properties": {
    "multiple": {
      "description": "Allow multiple selections (default: single).",
      "type": "boolean",
      "nullable": true
    },
    "option1": {
      "description": "Option 1",
      "type": "string",
      "nullable": true
    },
    "option2": {
      "description": "Option 2",
      "type": "string",
      "nullable": true
    },
    "option3": {
      "description": "Option 3",
      "type": "string",
      "nullable": true
    },
    "option4": {
      "description": "Option 4",
      "type": "string",
      "nullable": true
    },
    "option5": {
      "description": "Option 5",
      "type": "string",
      "nullable": true
    },
    "question": {
      "description": "Question to ask.",
      "type": "string"
    }
  },
  "required": [
    "question"
  ]
}
{
  "title": "PlanCreate",
  "type": "object",
  "properties": {
    "content": {
      "description": "Complete plan content in markdown.",
      "type": "string"
    },
    "plan_name": {
      "description": "Plan name (used in filename).",
      "type": "string"
    },
    "version": {
      "description": "Version (e.g. \"v1\", \"1.0\").",
      "type": "string"
    }
  },
  "required": [
    "plan_name",
    "version",
    "content"
  ]
}
{
  "title": "SkillFetch",
  "type": "object",
  "properties": {
    "name": {
      "description": "Skill name (e.g. \"pdf\", \"code_review\").",
      "type": "string"
    }
  },
  "required": [
    "name"
  ]
}
{
  "title": "TodoWrite",
  "type": "object",
  "properties": {
    "todos": {
      "description": "Todo items to add/update. `content` is unique key. `cancelled` removes item.",
      "type": "array",
      "items": {
        "description": "A single todo item. `content` is the unique key for matching.",
        "type": "object",
        "properties": {
          "content": {
            "description": "Task description. Used as unique key to match existing todos.",
            "type": "string"
          },
          "status": {
            "description": "`pending`|`in_progress`|`completed`|`cancelled`",
            "type": "string",
            "enum": [
              "pending",
              "in_progress",
              "completed",
              "cancelled"
            ]
          }
        },
        "required": [
          "content",
          "status"
        ]
      }
    }
  },
  "required": [
    "todos"
  ]
}
{
  "title": "TodoRead",
  "type": "object"
}
{
  "title": "TaskInput",
  "description": "Input structure for the Task tool - delegates work to specialized agents",
  "type": "object",
  "properties": {
    "agent_id": {
      "description": "Agent ID (e.g. \"forge\", \"muse\", \"sage\").",
      "type": "string"
    },
    "session_id": {
      "description": "Optional session ID for continuing existing sessions.",
      "type": "string",
      "nullable": true
    },
    "tasks": {
      "description": "Task descriptions for parallel execution by the agent.",
      "type": "array",
      "items": {
        "type": "string"
      }
    }
  },
  "required": [
    "tasks",
    "agent_id"
  ]
}
